Archive member included because of file (symbol)

c:/winavr-20100110/bin/../lib/gcc/avr/4.3.3/avr5\libgcc.a(_exit.o)
                              c:/winavr-20100110/bin/../lib/gcc/avr/4.3.3/../../../../avr/lib/avr5/crtm328p.o (exit)
c:/winavr-20100110/bin/../lib/gcc/avr/4.3.3/avr5\libgcc.a(_copy_data.o)
                              obj\Debug\WIPER.o (__do_copy_data)
c:/winavr-20100110/bin/../lib/gcc/avr/4.3.3/avr5\libgcc.a(_clear_bss.o)
                              obj\Debug\ADC.o (__do_clear_bss)

Memory Configuration

Name             Origin             Length             Attributes
text             0x00000000         0x00020000         xr
data             0x00800060         0x0000ffa0         rw !x
eeprom           0x00810000         0x00010000         rw !x
fuse             0x00820000         0x00000400         rw !x
lock             0x00830000         0x00000400         rw !x
signature        0x00840000         0x00000400         rw !x
*default*        0x00000000         0xffffffff

Linker script and memory map

Address of section .data set to 0x800100
LOAD c:/winavr-20100110/bin/../lib/gcc/avr/4.3.3/../../../../avr/lib/avr5/crtm328p.o
LOAD obj\Debug\ADC.o
LOAD obj\Debug\fuse.o
LOAD obj\Debug\GPIO.o
LOAD obj\Debug\INTERRUPT.o
LOAD obj\Debug\main.o
LOAD obj\Debug\MODE.o
LOAD obj\Debug\TIMER.o
LOAD obj\Debug\WIPER.o
LOAD c:/winavr-20100110/bin/../lib/gcc/avr/4.3.3/avr5\libgcc.a
LOAD c:/winavr-20100110/bin/../lib/gcc/avr/4.3.3/../../../../avr/lib/avr5\libc.a
LOAD c:/winavr-20100110/bin/../lib/gcc/avr/4.3.3/avr5\libgcc.a

.hash
 *(.hash)

.dynsym
 *(.dynsym)

.dynstr
 *(.dynstr)

.gnu.version
 *(.gnu.version)

.gnu.version_d
 *(.gnu.version_d)

.gnu.version_r
 *(.gnu.version_r)

.rel.init
 *(.rel.init)

.rela.init
 *(.rela.init)

.rel.text
 *(.rel.text)
 *(.rel.text.*)
 *(.rel.gnu.linkonce.t*)

.rela.text
 *(.rela.text)
 *(.rela.text.*)
 *(.rela.gnu.linkonce.t*)

.rel.fini
 *(.rel.fini)

.rela.fini
 *(.rela.fini)

.rel.rodata
 *(.rel.rodata)
 *(.rel.rodata.*)
 *(.rel.gnu.linkonce.r*)

.rela.rodata
 *(.rela.rodata)
 *(.rela.rodata.*)
 *(.rela.gnu.linkonce.r*)

.rel.data
 *(.rel.data)
 *(.rel.data.*)
 *(.rel.gnu.linkonce.d*)

.rela.data
 *(.rela.data)
 *(.rela.data.*)
 *(.rela.gnu.linkonce.d*)

.rel.ctors
 *(.rel.ctors)

.rela.ctors
 *(.rela.ctors)

.rel.dtors
 *(.rel.dtors)

.rela.dtors
 *(.rela.dtors)

.rel.got
 *(.rel.got)

.rela.got
 *(.rela.got)

.rel.bss
 *(.rel.bss)

.rela.bss
 *(.rela.bss)

.rel.plt
 *(.rel.plt)

.rela.plt
 *(.rela.plt)

.text           0x00000000      0x648
 *(.vectors)
 .vectors       0x00000000       0x68 c:/winavr-20100110/bin/../lib/gcc/avr/4.3.3/../../../../avr/lib/avr5/crtm328p.o
                0x00000000                __vectors
                0x00000000                __vector_default
 *(.vectors)
 *(.progmem.gcc*)
 *(.progmem*)
                0x00000068                . = ALIGN (0x2)
                0x00000068                __trampolines_start = .
 *(.trampolines)
 .trampolines   0x00000068        0x0 linker stubs
 *(.trampolines*)
                0x00000068                __trampolines_end = .
 *(.jumptables)
 *(.jumptables*)
 *(.lowtext)
 *(.lowtext*)
                0x00000068                __ctors_start = .
 *(.ctors)
                0x00000068                __ctors_end = .
                0x00000068                __dtors_start = .
 *(.dtors)
                0x00000068                __dtors_end = .
 SORT(*)(.ctors)
 SORT(*)(.dtors)
 *(.init0)
 .init0         0x00000068        0x0 c:/winavr-20100110/bin/../lib/gcc/avr/4.3.3/../../../../avr/lib/avr5/crtm328p.o
                0x00000068                __init
 *(.init0)
 *(.init1)
 *(.init1)
 *(.init2)
 .init2         0x00000068        0xc c:/winavr-20100110/bin/../lib/gcc/avr/4.3.3/../../../../avr/lib/avr5/crtm328p.o
 *(.init2)
 *(.init3)
 *(.init3)
 *(.init4)
 .init4         0x00000074       0x16 c:/winavr-20100110/bin/../lib/gcc/avr/4.3.3/avr5\libgcc.a(_copy_data.o)
                0x00000074                __do_copy_data
 .init4         0x0000008a       0x10 c:/winavr-20100110/bin/../lib/gcc/avr/4.3.3/avr5\libgcc.a(_clear_bss.o)
                0x0000008a                __do_clear_bss
 *(.init4)
 *(.init5)
 *(.init5)
 *(.init6)
 *(.init6)
 *(.init7)
 *(.init7)
 *(.init8)
 *(.init8)
 *(.init9)
 .init9         0x0000009a        0x8 c:/winavr-20100110/bin/../lib/gcc/avr/4.3.3/../../../../avr/lib/avr5/crtm328p.o
 *(.init9)
 *(.text)
 .text          0x000000a2        0x4 c:/winavr-20100110/bin/../lib/gcc/avr/4.3.3/../../../../avr/lib/avr5/crtm328p.o
                0x000000a2                __vector_22
                0x000000a2                __vector_24
                0x000000a2                __vector_12
                0x000000a2                __bad_interrupt
                0x000000a2                __vector_6
                0x000000a2                __vector_3
                0x000000a2                __vector_23
                0x000000a2                __vector_25
                0x000000a2                __vector_11
                0x000000a2                __vector_13
                0x000000a2                __vector_17
                0x000000a2                __vector_19
                0x000000a2                __vector_7
                0x000000a2                __vector_5
                0x000000a2                __vector_4
                0x000000a2                __vector_21
                0x000000a2                __vector_15
                0x000000a2                __vector_8
                0x000000a2                __vector_14
                0x000000a2                __vector_10
                0x000000a2                __vector_16
                0x000000a2                __vector_18
                0x000000a2                __vector_20
 .text          0x000000a6       0x94 obj\Debug\ADC.o
                0x000000e0                ADC_Read
                0x000000a6                ADC_Config
                0x0000011e                Stop
 .text          0x0000013a        0x0 obj\Debug\fuse.o
 .text          0x0000013a       0xb8 obj\Debug\GPIO.o
                0x0000013a                GPIOConfig
 .text          0x000001f2       0xd8 obj\Debug\INTERRUPT.o
                0x00000266                __vector_1
                0x0000022c                Int1Config
                0x000001f2                Int0Config
                0x00000298                __vector_2
 .text          0x000002ca       0x16 obj\Debug\main.o
                0x000002ca                main
 .text          0x000002e0       0x92 obj\Debug\MODE.o
                0x0000030e                Engine_offMode
                0x000002e0                IO_Config
                0x0000033c                Engine_onMode
 .text          0x00000372      0x16c obj\Debug\TIMER.o
                0x0000044a                Stop_Timer2
                0x000003c4                Timer2Config
                0x000003f6                Stop_Timer0
                0x00000372                Timer0Config
                0x0000047a                __vector_9
 .text          0x000004de      0x166 obj\Debug\WIPER.o
                0x0000059a                Wiper_AutoMode
                0x00000608                Wiper_ManualMode
                0x000004de                Read_RainSensor
 .text          0x00000644        0x0 c:/winavr-20100110/bin/../lib/gcc/avr/4.3.3/avr5\libgcc.a(_exit.o)
 .text          0x00000644        0x0 c:/winavr-20100110/bin/../lib/gcc/avr/4.3.3/avr5\libgcc.a(_copy_data.o)
 .text          0x00000644        0x0 c:/winavr-20100110/bin/../lib/gcc/avr/4.3.3/avr5\libgcc.a(_clear_bss.o)
                0x00000644                . = ALIGN (0x2)
 *(.text.*)
 .text.libgcc   0x00000644        0x0 c:/winavr-20100110/bin/../lib/gcc/avr/4.3.3/avr5\libgcc.a(_exit.o)
 .text.libgcc   0x00000644        0x0 c:/winavr-20100110/bin/../lib/gcc/avr/4.3.3/avr5\libgcc.a(_copy_data.o)
 .text.libgcc   0x00000644        0x0 c:/winavr-20100110/bin/../lib/gcc/avr/4.3.3/avr5\libgcc.a(_clear_bss.o)
                0x00000644                . = ALIGN (0x2)
 *(.fini9)
 .fini9         0x00000644        0x0 c:/winavr-20100110/bin/../lib/gcc/avr/4.3.3/avr5\libgcc.a(_exit.o)
                0x00000644                exit
                0x00000644                _exit
 *(.fini9)
 *(.fini8)
 *(.fini8)
 *(.fini7)
 *(.fini7)
 *(.fini6)
 *(.fini6)
 *(.fini5)
 *(.fini5)
 *(.fini4)
 *(.fini4)
 *(.fini3)
 *(.fini3)
 *(.fini2)
 *(.fini2)
 *(.fini1)
 *(.fini1)
 *(.fini0)
 .fini0         0x00000644        0x4 c:/winavr-20100110/bin/../lib/gcc/avr/4.3.3/avr5\libgcc.a(_exit.o)
 *(.fini0)
                0x00000648                _etext = .

.data           0x00800100        0x6 load address 0x00000648
                0x00800100                PROVIDE (__data_start, .)
 *(.data)
 .data          0x00800100        0x0 c:/winavr-20100110/bin/../lib/gcc/avr/4.3.3/../../../../avr/lib/avr5/crtm328p.o
 .data          0x00800100        0x0 obj\Debug\ADC.o
 .data          0x00800100        0x0 obj\Debug\fuse.o
 .data          0x00800100        0x0 obj\Debug\GPIO.o
 .data          0x00800100        0x0 obj\Debug\INTERRUPT.o
 .data          0x00800100        0x0 obj\Debug\main.o
 .data          0x00800100        0x0 obj\Debug\MODE.o
 .data          0x00800100        0x0 obj\Debug\TIMER.o
 .data          0x00800100        0x5 obj\Debug\WIPER.o
 .data          0x00800105        0x0 c:/winavr-20100110/bin/../lib/gcc/avr/4.3.3/avr5\libgcc.a(_exit.o)
 .data          0x00800105        0x0 c:/winavr-20100110/bin/../lib/gcc/avr/4.3.3/avr5\libgcc.a(_copy_data.o)
 .data          0x00800105        0x0 c:/winavr-20100110/bin/../lib/gcc/avr/4.3.3/avr5\libgcc.a(_clear_bss.o)
 *(.data*)
 *(.rodata)
 *(.rodata*)
 *(.gnu.linkonce.d*)
                0x00800106                . = ALIGN (0x2)
 *fill*         0x00800105        0x1 00
                0x00800106                _edata = .
                0x00800106                PROVIDE (__data_end, .)

.bss            0x00800106        0x7
                0x00800106                PROVIDE (__bss_start, .)
 *(.bss)
 .bss           0x00800106        0x0 c:/winavr-20100110/bin/../lib/gcc/avr/4.3.3/../../../../avr/lib/avr5/crtm328p.o
 .bss           0x00800106        0x2 obj\Debug\ADC.o
                0x00800106                g_ADC_Value
 .bss           0x00800108        0x0 obj\Debug\fuse.o
 .bss           0x00800108        0x0 obj\Debug\GPIO.o
 .bss           0x00800108        0x1 obj\Debug\INTERRUPT.o
                0x00800108                g_Ext_Int_Flag
 .bss           0x00800109        0x0 obj\Debug\main.o
 .bss           0x00800109        0x0 obj\Debug\MODE.o
 .bss           0x00800109        0x4 obj\Debug\TIMER.o
                0x0080010a                g_Update_ocr0a
                0x00800109                g_Timer2_Flag
 .bss           0x0080010d        0x0 obj\Debug\WIPER.o
 .bss           0x0080010d        0x0 c:/winavr-20100110/bin/../lib/gcc/avr/4.3.3/avr5\libgcc.a(_exit.o)
 .bss           0x0080010d        0x0 c:/winavr-20100110/bin/../lib/gcc/avr/4.3.3/avr5\libgcc.a(_copy_data.o)
 .bss           0x0080010d        0x0 c:/winavr-20100110/bin/../lib/gcc/avr/4.3.3/avr5\libgcc.a(_clear_bss.o)
 *(.bss*)
 *(COMMON)
                0x0080010d                PROVIDE (__bss_end, .)
                0x00000648                __data_load_start = LOADADDR (.data)
                0x0000064e                __data_load_end = (__data_load_start + SIZEOF (.data))

.noinit         0x0080010d        0x0
                0x0080010d                PROVIDE (__noinit_start, .)
 *(.noinit*)
                0x0080010d                PROVIDE (__noinit_end, .)
                0x0080010d                _end = .
                0x0080010d                PROVIDE (__heap_start, .)

.eeprom         0x00810000        0x0
 *(.eeprom*)
                0x00810000                __eeprom_end = .

.fuse           0x00820000        0x3
 *(.fuse)
 .fuse          0x00820000        0x3 obj\Debug\fuse.o
                0x00820000                __fuse
 *(.lfuse)
 *(.hfuse)
 *(.efuse)

.lock
 *(.lock*)

.signature
 *(.signature*)

.stab
 *(.stab)

.stabstr
 *(.stabstr)

.stab.excl
 *(.stab.excl)

.stab.exclstr
 *(.stab.exclstr)

.stab.index
 *(.stab.index)

.stab.indexstr
 *(.stab.indexstr)

.comment
 *(.comment)

.debug
 *(.debug)

.line
 *(.line)

.debug_srcinfo
 *(.debug_srcinfo)

.debug_sfnames
 *(.debug_sfnames)

.debug_aranges  0x00000000       0xe0
 *(.debug_aranges)
 .debug_aranges
                0x00000000       0x20 obj\Debug\ADC.o
 .debug_aranges
                0x00000020       0x20 obj\Debug\GPIO.o
 .debug_aranges
                0x00000040       0x20 obj\Debug\INTERRUPT.o
 .debug_aranges
                0x00000060       0x20 obj\Debug\main.o
 .debug_aranges
                0x00000080       0x20 obj\Debug\MODE.o
 .debug_aranges
                0x000000a0       0x20 obj\Debug\TIMER.o
 .debug_aranges
                0x000000c0       0x20 obj\Debug\WIPER.o

.debug_pubnames
                0x00000000      0x21c
 *(.debug_pubnames)
 .debug_pubnames
                0x00000000       0x47 obj\Debug\ADC.o
 .debug_pubnames
                0x00000047       0x1d obj\Debug\fuse.o
 .debug_pubnames
                0x00000064       0x21 obj\Debug\GPIO.o
 .debug_pubnames
                0x00000085       0x61 obj\Debug\INTERRUPT.o
 .debug_pubnames
                0x000000e6       0x1b obj\Debug\main.o
 .debug_pubnames
                0x00000101       0x45 obj\Debug\MODE.o
 .debug_pubnames
                0x00000146       0x88 obj\Debug\TIMER.o
 .debug_pubnames
                0x000001ce       0x4e obj\Debug\WIPER.o

.debug_info     0x00000000      0x711
 *(.debug_info)
 .debug_info    0x00000000       0xb7 obj\Debug\ADC.o
 .debug_info    0x000000b7       0xae obj\Debug\fuse.o
 .debug_info    0x00000165       0x9a obj\Debug\GPIO.o
 .debug_info    0x000001ff      0x106 obj\Debug\INTERRUPT.o
 .debug_info    0x00000305       0x45 obj\Debug\main.o
 .debug_info    0x0000034a       0xed obj\Debug\MODE.o
 .debug_info    0x00000437      0x13c obj\Debug\TIMER.o
 .debug_info    0x00000573      0x19e obj\Debug\WIPER.o
 *(.gnu.linkonce.wi.*)

.debug_abbrev   0x00000000      0x405
 *(.debug_abbrev)
 .debug_abbrev  0x00000000       0x5d obj\Debug\ADC.o
 .debug_abbrev  0x0000005d       0x73 obj\Debug\fuse.o
 .debug_abbrev  0x000000d0       0x6a obj\Debug\GPIO.o
 .debug_abbrev  0x0000013a       0x86 obj\Debug\INTERRUPT.o
 .debug_abbrev  0x000001c0       0x36 obj\Debug\main.o
 .debug_abbrev  0x000001f6       0x86 obj\Debug\MODE.o
 .debug_abbrev  0x0000027c       0xac obj\Debug\TIMER.o
 .debug_abbrev  0x00000328       0xdd obj\Debug\WIPER.o

.debug_line     0x00000000      0x84e
 *(.debug_line)
 .debug_line    0x00000000       0xe8 obj\Debug\ADC.o
 .debug_line    0x000000e8       0x83 obj\Debug\fuse.o
 .debug_line    0x0000016b       0xb9 obj\Debug\GPIO.o
 .debug_line    0x00000224      0x145 obj\Debug\INTERRUPT.o
 .debug_line    0x00000369       0x68 obj\Debug\main.o
 .debug_line    0x000003d1      0x128 obj\Debug\MODE.o
 .debug_line    0x000004f9      0x19d obj\Debug\TIMER.o
 .debug_line    0x00000696      0x1b8 obj\Debug\WIPER.o

.debug_frame    0x00000000      0x1b0
 *(.debug_frame)
 .debug_frame   0x00000000       0x40 obj\Debug\ADC.o
 .debug_frame   0x00000040       0x20 obj\Debug\GPIO.o
 .debug_frame   0x00000060       0x50 obj\Debug\INTERRUPT.o
 .debug_frame   0x000000b0       0x20 obj\Debug\main.o
 .debug_frame   0x000000d0       0x40 obj\Debug\MODE.o
 .debug_frame   0x00000110       0x60 obj\Debug\TIMER.o
 .debug_frame   0x00000170       0x40 obj\Debug\WIPER.o

.debug_str      0x00000000      0x290
 *(.debug_str)
 .debug_str     0x00000000       0x8b obj\Debug\ADC.o
                                 0xbf (size before relaxing)
 .debug_str     0x0000008b       0x3e obj\Debug\fuse.o
                                 0xb1 (size before relaxing)
 .debug_str     0x000000c9       0x1a obj\Debug\GPIO.o
                                 0xaa (size before relaxing)
 .debug_str     0x000000e3       0x64 obj\Debug\INTERRUPT.o
                                 0xf7 (size before relaxing)
 .debug_str     0x00000147        0xc obj\Debug\main.o
                                 0x30 (size before relaxing)
 .debug_str     0x00000153       0x2e obj\Debug\MODE.o
                                 0xed (size before relaxing)
 .debug_str     0x00000181       0x83 obj\Debug\TIMER.o
                                0x11f (size before relaxing)
 .debug_str     0x00000204       0x8c obj\Debug\WIPER.o
                                0x196 (size before relaxing)

.debug_loc
 *(.debug_loc)

.debug_macinfo
 *(.debug_macinfo)
OUTPUT(bin\Debug\144105_WiperCaseStudy.elf elf32-avr)
LOAD linker stubs

Cross Reference Table

Symbol                                            File
ADC_Config                                        obj\Debug\ADC.o
                                                  obj\Debug\WIPER.o
ADC_Read                                          obj\Debug\ADC.o
                                                  obj\Debug\WIPER.o
Engine_offMode                                    obj\Debug\MODE.o
                                                  obj\Debug\main.o
Engine_onMode                                     obj\Debug\MODE.o
                                                  obj\Debug\main.o
GPIOConfig                                        obj\Debug\GPIO.o
                                                  obj\Debug\MODE.o
IO_Config                                         obj\Debug\MODE.o
                                                  obj\Debug\main.o
Int0Config                                        obj\Debug\INTERRUPT.o
                                                  obj\Debug\MODE.o
Int1Config                                        obj\Debug\INTERRUPT.o
                                                  obj\Debug\MODE.o
Read_RainSensor                                   obj\Debug\WIPER.o
Stop                                              obj\Debug\ADC.o
                                                  obj\Debug\WIPER.o
Stop_Timer0                                       obj\Debug\TIMER.o
                                                  obj\Debug\WIPER.o
Stop_Timer2                                       obj\Debug\TIMER.o
                                                  obj\Debug\WIPER.o
Timer0Config                                      obj\Debug\TIMER.o
                                                  obj\Debug\WIPER.o
Timer2Config                                      obj\Debug\TIMER.o
                                                  obj\Debug\WIPER.o
Wiper_AutoMode                                    obj\Debug\WIPER.o
                                                  obj\Debug\MODE.o
Wiper_ManualMode                                  obj\Debug\WIPER.o
                                                  obj\Debug\MODE.o
__bad_interrupt                                   c:/winavr-20100110/bin/../lib/gcc/avr/4.3.3/../../../../avr/lib/avr5/crtm328p.o
__bss_end                                         c:/winavr-20100110/bin/../lib/gcc/avr/4.3.3/avr5\libgcc.a(_clear_bss.o)
__bss_start                                       c:/winavr-20100110/bin/../lib/gcc/avr/4.3.3/avr5\libgcc.a(_clear_bss.o)
__data_end                                        c:/winavr-20100110/bin/../lib/gcc/avr/4.3.3/avr5\libgcc.a(_copy_data.o)
__data_load_start                                 c:/winavr-20100110/bin/../lib/gcc/avr/4.3.3/avr5\libgcc.a(_copy_data.o)
__data_start                                      c:/winavr-20100110/bin/../lib/gcc/avr/4.3.3/avr5\libgcc.a(_copy_data.o)
__do_clear_bss                                    c:/winavr-20100110/bin/../lib/gcc/avr/4.3.3/avr5\libgcc.a(_clear_bss.o)
                                                  obj\Debug\TIMER.o
                                                  obj\Debug\INTERRUPT.o
                                                  obj\Debug\ADC.o
__do_copy_data                                    c:/winavr-20100110/bin/../lib/gcc/avr/4.3.3/avr5\libgcc.a(_copy_data.o)
                                                  obj\Debug\WIPER.o
__fuse                                            obj\Debug\fuse.o
__heap_end                                        c:/winavr-20100110/bin/../lib/gcc/avr/4.3.3/../../../../avr/lib/avr5/crtm328p.o
__init                                            c:/winavr-20100110/bin/../lib/gcc/avr/4.3.3/../../../../avr/lib/avr5/crtm328p.o
__stack                                           c:/winavr-20100110/bin/../lib/gcc/avr/4.3.3/../../../../avr/lib/avr5/crtm328p.o
__vector_1                                        obj\Debug\INTERRUPT.o
                                                  c:/winavr-20100110/bin/../lib/gcc/avr/4.3.3/../../../../avr/lib/avr5/crtm328p.o
__vector_10                                       c:/winavr-20100110/bin/../lib/gcc/avr/4.3.3/../../../../avr/lib/avr5/crtm328p.o
__vector_11                                       c:/winavr-20100110/bin/../lib/gcc/avr/4.3.3/../../../../avr/lib/avr5/crtm328p.o
__vector_12                                       c:/winavr-20100110/bin/../lib/gcc/avr/4.3.3/../../../../avr/lib/avr5/crtm328p.o
__vector_13                                       c:/winavr-20100110/bin/../lib/gcc/avr/4.3.3/../../../../avr/lib/avr5/crtm328p.o
__vector_14                                       c:/winavr-20100110/bin/../lib/gcc/avr/4.3.3/../../../../avr/lib/avr5/crtm328p.o
__vector_15                                       c:/winavr-20100110/bin/../lib/gcc/avr/4.3.3/../../../../avr/lib/avr5/crtm328p.o
__vector_16                                       c:/winavr-20100110/bin/../lib/gcc/avr/4.3.3/../../../../avr/lib/avr5/crtm328p.o
__vector_17                                       c:/winavr-20100110/bin/../lib/gcc/avr/4.3.3/../../../../avr/lib/avr5/crtm328p.o
__vector_18                                       c:/winavr-20100110/bin/../lib/gcc/avr/4.3.3/../../../../avr/lib/avr5/crtm328p.o
__vector_19                                       c:/winavr-20100110/bin/../lib/gcc/avr/4.3.3/../../../../avr/lib/avr5/crtm328p.o
__vector_2                                        obj\Debug\INTERRUPT.o
                                                  c:/winavr-20100110/bin/../lib/gcc/avr/4.3.3/../../../../avr/lib/avr5/crtm328p.o
__vector_20                                       c:/winavr-20100110/bin/../lib/gcc/avr/4.3.3/../../../../avr/lib/avr5/crtm328p.o
__vector_21                                       c:/winavr-20100110/bin/../lib/gcc/avr/4.3.3/../../../../avr/lib/avr5/crtm328p.o
__vector_22                                       c:/winavr-20100110/bin/../lib/gcc/avr/4.3.3/../../../../avr/lib/avr5/crtm328p.o
__vector_23                                       c:/winavr-20100110/bin/../lib/gcc/avr/4.3.3/../../../../avr/lib/avr5/crtm328p.o
__vector_24                                       c:/winavr-20100110/bin/../lib/gcc/avr/4.3.3/../../../../avr/lib/avr5/crtm328p.o
__vector_25                                       c:/winavr-20100110/bin/../lib/gcc/avr/4.3.3/../../../../avr/lib/avr5/crtm328p.o
__vector_3                                        c:/winavr-20100110/bin/../lib/gcc/avr/4.3.3/../../../../avr/lib/avr5/crtm328p.o
__vector_4                                        c:/winavr-20100110/bin/../lib/gcc/avr/4.3.3/../../../../avr/lib/avr5/crtm328p.o
__vector_5                                        c:/winavr-20100110/bin/../lib/gcc/avr/4.3.3/../../../../avr/lib/avr5/crtm328p.o
__vector_6                                        c:/winavr-20100110/bin/../lib/gcc/avr/4.3.3/../../../../avr/lib/avr5/crtm328p.o
__vector_7                                        c:/winavr-20100110/bin/../lib/gcc/avr/4.3.3/../../../../avr/lib/avr5/crtm328p.o
__vector_8                                        c:/winavr-20100110/bin/../lib/gcc/avr/4.3.3/../../../../avr/lib/avr5/crtm328p.o
__vector_9                                        obj\Debug\TIMER.o
                                                  c:/winavr-20100110/bin/../lib/gcc/avr/4.3.3/../../../../avr/lib/avr5/crtm328p.o
__vector_default                                  c:/winavr-20100110/bin/../lib/gcc/avr/4.3.3/../../../../avr/lib/avr5/crtm328p.o
__vectors                                         c:/winavr-20100110/bin/../lib/gcc/avr/4.3.3/../../../../avr/lib/avr5/crtm328p.o
_exit                                             c:/winavr-20100110/bin/../lib/gcc/avr/4.3.3/avr5\libgcc.a(_exit.o)
exit                                              c:/winavr-20100110/bin/../lib/gcc/avr/4.3.3/avr5\libgcc.a(_exit.o)
                                                  c:/winavr-20100110/bin/../lib/gcc/avr/4.3.3/../../../../avr/lib/avr5/crtm328p.o
g_ADC_Value                                       obj\Debug\ADC.o
                                                  obj\Debug\WIPER.o
g_Ext_Int_Flag                                    obj\Debug\INTERRUPT.o
                                                  obj\Debug\WIPER.o
                                                  obj\Debug\MODE.o
g_Timer2_Flag                                     obj\Debug\TIMER.o
                                                  obj\Debug\WIPER.o
g_Update_ocr0a                                    obj\Debug\TIMER.o
                                                  obj\Debug\WIPER.o
main                                              obj\Debug\main.o
                                                  c:/winavr-20100110/bin/../lib/gcc/avr/4.3.3/../../../../avr/lib/avr5/crtm328p.o
